Benchmark on GPU: Tesla V100-SXM2-16GB

Global alignment benchmark:
-----  512 x 512  -----
GPU = 0 ms
MCUPS: 485

-----  1024 x 1024  -----
GPU = 1 ms
MCUPS: 542

-----  4096 x 4096  -----
GPU = 7 ms
MCUPS: 2254

-----  8192 x 8192  -----
GPU = 22 ms
MCUPS: 2974

-----  16384 x 16384  -----
GPU = 52 ms
MCUPS: 5091

-----  32768 x 32768  -----
GPU = 130 ms
MCUPS: 8231

-----  65536 x 65536  -----
GPU = 495 ms
MCUPS: 8667


Local alignment benchmark:
-----  512 x 32768  -----
GPU = 30 ms
MCUPS: 547

-----  1024 x 32768  -----
GPU = 52 ms
MCUPS: 643

-----  2048 x 32768  -----
GPU = 52 ms
MCUPS: 1287

-----  4096 x 32768  -----
GPU = 52 ms
MCUPS: 2576

-----  8192 x 32768  -----
GPU = 71 ms
MCUPS: 3770

-----  16384 x 32768  -----
GPU = 86 ms
MCUPS: 6191

-----  32768 x 32768  -----
GPU = 122 ms
MCUPS: 8771

-------

