Benchmark on GPU: GeForce GT 750M

Global alignment latency (end-to-end) benchmark:
-----  256 x 256  -----
CPU = 1 ms
GPU = 2 ms
GPU Speedup = 0.52147
-----  512 x 512  -----
CPU = 6 ms
GPU = 5 ms
GPU Speedup = 1.18019
-----  1024 x 1024  -----
CPU = 24 ms
GPU = 11 ms
GPU Speedup = 2.215175
-----  4096 x 4096  -----
CPU = 407 ms
GPU = 91 ms
GPU Speedup = 4.46751
-----  8192 x 8192  -----
CPU = 1647 ms
GPU = 249 ms
GPU Speedup = 6.61479
-----  16384 x 16384  -----
CPU = 6552 ms
GPU = 906 ms
GPU Speedup = 7.22438
-----  32768 x 32768  -----
CPU = 26243 ms
GPU = 3642 ms
GPU Speedup = 7.20457
-----  65536 x 65536  -----
CPU = 104287 ms
GPU = 14491 ms
GPU Speedup = 7.19633

Local alignment latency (end-to-end) benchmark:
-----  256 x 32768  -----
CPU = 285 ms
GPU = 101 ms
GPU Speedup = 2.8214
-----  512 x 32768  -----
CPU = 569 ms
GPU = 96 ms
GPU Speedup = 5.93606
-----  1024 x 32768  -----
CPU = 1147 ms
GPU = 110 ms
GPU Speedup = 10.42
-----  2048 x 32768  -----
CPU = 2381 ms
GPU = 223 ms
GPU Speedup = 10.677
-----  4096 x 32768  -----
CPU = 4832 ms
GPU = 453 ms
GPU Speedup = 10.6582
-----  8192 x 32768  -----
CPU = 9660 ms
GPU = 909 ms
GPU Speedup = 10.6262
-----  16384 x 32768  -----
CPU = 19271 ms
GPU = 1826 ms
GPU Speedup = 10.5499
-----  32768 x 32768  -----
CPU = 38493 ms
GPU = 3641 ms
GPU Speedup = 10.5717
