Benchmark on GPU: Tesla V100-PCIE-16GB
Global alignment benchmark:


######    1 stream:
-----  1024 x 1024  -----
GPU = 2 ms
MCUPS: 519

-----  4096 x 4096  -----
GPU = 33 ms
MCUPS: 506

-----  16384 x 16384  -----
GPU = 539 ms
MCUPS: 498

-----  65536 x 65536  -----
GPU = 8791 ms
MCUPS: 488

-----  81920 x 81920  -----
GPU = 14664 ms
MCUPS: 457

-----  1024 x 65536  -----
GPU = 112 ms
MCUPS: 597

-----  4096 x 65536  -----
GPU = 525 ms
MCUPS: 510

-----  16384 x 65536  -----
GPU = 2178 ms
MCUPS: 492


######    2 streams:
-----  1024 x 1024  -----
GPU = 1 ms
MCUPS: 601

-----  4096 x 4096  -----
GPU = 18 ms
MCUPS: 904

-----  16384 x 16384  -----
GPU = 273 ms
MCUPS: 981

-----  65536 x 65536  -----
GPU = 4406 ms
MCUPS: 974

-----  81920 x 81920  -----
GPU = 7365 ms
MCUPS: 911

-----  1024 x 65536  -----
GPU = 79 ms
MCUPS: 840

-----  4096 x 65536  -----
GPU = 276 ms
MCUPS: 970

-----  16384 x 65536  -----
GPU = 1102 ms
MCUPS: 974


######    4 streams:
-----  1024 x 1024  -----
GPU = 1 ms
MCUPS: 708

-----  4096 x 4096  -----
GPU = 14 ms
MCUPS: 1192

-----  16384 x 16384  -----
GPU = 141 ms
MCUPS: 1896

-----  65536 x 65536  -----
GPU = 2221 ms
MCUPS: 1933

-----  81920 x 81920  -----
GPU = 3705 ms
MCUPS: 1810

-----  1024 x 65536  -----
GPU = 55 ms
MCUPS: 1214

-----  4096 x 65536  -----
GPU = 149 ms
MCUPS: 1801

-----  16384 x 65536  -----
GPU = 563 ms
MCUPS: 1900


######    8 streams:
-----  1024 x 1024  -----
GPU = 1 ms
MCUPS: 837

-----  4096 x 4096  -----
GPU = 9 ms
MCUPS: 1708

-----  16384 x 16384  -----
GPU = 81 ms
MCUPS: 3287

-----  65536 x 65536  -----
GPU = 1140 ms
MCUPS: 3764

-----  81920 x 81920  -----
GPU = 1899 ms
MCUPS: 3533

-----  1024 x 65536  -----
GPU = 42 ms
MCUPS: 1563

-----  4096 x 65536  -----
GPU = 92 ms
MCUPS: 2888

-----  16384 x 65536  -----
GPU = 312 ms
MCUPS: 3432



######    16 streams:
-----  1024 x 1024  -----
GPU = 1 ms
MCUPS: 834

-----  4096 x 4096  -----
GPU = 6 ms
MCUPS: 2460

-----  16384 x 16384  -----
GPU = 63 ms
MCUPS: 4199

-----  65536 x 65536  -----
GPU = 666 ms
MCUPS: 6440

-----  81920 x 81920  -----
GPU = 1071 ms
MCUPS: 6261

-----  1024 x 65536  -----
GPU = 43 ms
MCUPS: 1560

-----  4096 x 65536  -----
GPU = 67 ms
MCUPS: 4003

-----  16384 x 65536  -----
GPU = 210 ms
MCUPS: 5095

######    32 streams:
-----  1024 x 1024  -----
GPU = 1 ms
MCUPS: 838

-----  4096 x 4096  -----
GPU = 5 ms
MCUPS: 3184

-----  16384 x 16384  -----
GPU = 42 ms
MCUPS: 6272

-----  65536 x 65536  -----
GPU = 515 ms
MCUPS: 8334

-----  81920 x 81920  -----
GPU = 882 ms
MCUPS: 7604

-----  1024 x 65536  -----
GPU = 42 ms
MCUPS: 1564

-----  4096 x 65536  -----
GPU = 54 ms
MCUPS: 4919

-----  16384 x 65536  -----
GPU = 139 ms
MCUPS: 7680

######    36 streams:
-----  1024 x 1024  -----
GPU = 1 ms
MCUPS: 836

-----  4096 x 4096  -----
GPU = 5 ms
MCUPS: 3160

-----  16384 x 16384  -----
GPU = 39 ms
MCUPS: 6730

-----  65536 x 65536  -----
GPU = 588 ms
MCUPS: 7302

-----  81920 x 81920  -----
GPU = 921 ms
MCUPS: 7283

-----  1024 x 65536  -----
GPU = 42 ms
MCUPS: 1563

-----  4096 x 65536  -----
GPU = 54 ms
MCUPS: 4920

-----  16384 x 65536  -----
GPU = 133 ms
MCUPS: 8045

######    40 streams:
-----  1024 x 1024  -----
GPU = 1 ms
MCUPS: 838

-----  4096 x 4096  -----
GPU = 5 ms
MCUPS: 3176

-----  16384 x 16384  -----
GPU = 37 ms
MCUPS: 7213

-----  65536 x 65536  -----
GPU = 725 ms
MCUPS: 5921

-----  81920 x 81920  -----
GPU = 1432 ms
MCUPS: 4684

-----  1024 x 65536  -----
GPU = 42 ms
MCUPS: 1565

-----  4096 x 65536  -----
GPU = 54 ms
MCUPS: 4918

-----  16384 x 65536  -----
GPU = 129 ms
MCUPS: 8307


######    64 streams:
-----  1024 x 1024  -----
GPU = 1 ms
MCUPS: 838

-----  4096 x 4096  -----
GPU = 5 ms
MCUPS: 3183

-----  16384 x 16384  -----
GPU = 31 ms
MCUPS: 8626

-----  65536 x 65536  -----
GPU = 1071 ms
MCUPS: 4007

-----  81920 x 81920  -----
GPU = 2101 ms
MCUPS: 3193

-----  1024 x 65536  -----
GPU = 42 ms
MCUPS: 1562

-----  4096 x 65536  -----
GPU = 54 ms
MCUPS: 4913

-----  16384 x 65536  -----
GPU = 124 ms
MCUPS: 8616

######    80 streams:
-----  1024 x 1024  -----
GPU = 1 ms
MCUPS: 838

-----  4096 x 4096  -----
GPU = 5 ms
MCUPS: 3171

-----  16384 x 16384  -----
GPU = 30 ms
MCUPS: 8826

-----  65536 x 65536  -----
GPU = 987 ms
MCUPS: 4350

-----  81920 x 81920  -----
GPU = 2179 ms
MCUPS: 3079

-----  1024 x 65536  -----
GPU = 42 ms
MCUPS: 1561

-----  4096 x 65536  -----
GPU = 54 ms
MCUPS: 4912

-----  16384 x 65536  -----
GPU = 117 ms
MCUPS: 9119

-------
